Windows PowerShell
Copyright (C) Microsoft Corporation. All rights reserved.

Try the new cross-platform PowerShell https://aka.ms/pscore6

PS C:\Users\Lucas> cd f1m1
PS C:\Users\Lucas\f1m1> cd pvaardig
PS C:\Users\Lucas\f1m1\pvaardig> cd Les03
PS C:\Users\Lucas\f1m1\pvaardig\Les03> git status
fatal: not a git repository (or any of the parent directories): .git
PS C:\Users\Lucas\f1m1\pvaardig\Les03> git init
Initialized empty Git repository in C:/Users/Lucas/f1m1/pvaardig/Les03/.git/
PS C:\Users\Lucas\f1m1\pvaardig\Les03> git status
On branch master

No commits yet

nothing to commit (create/copy files and use "git add" to track)
PS C:\Users\Lucas\f1m1\pvaardig\Les03> git log
fatal: your current branch 'master' does not have any commits yet
PS C:\Users\Lucas\f1m1\pvaardig\Les03> notepad test.txt
PS C:\Users\Lucas\f1m1\pvaardig\Les03> git status
On branch master

No commits yet

Untracked files:
  (use "git add <file>..." to include in what will be committed)
        test.txt

nothing added to commit but untracked files present (use "git add" to track)
PS C:\Users\Lucas\f1m1\pvaardig\Les03> git log
fatal: your current branch 'master' does not have any commits yet
PS C:\Users\Lucas\f1m1\pvaardig\Les03> git add test.txt
PS C:\Users\Lucas\f1m1\pvaardig\Les03> git status
On branch master

No commits yet

Changes to be committed:
  (use "git rm --cached <file>..." to unstage)
        new file:   test.txt

PS C:\Users\Lucas\f1m1\pvaardig\Les03> git log
fatal: your current branch 'master' does not have any commits yet
PS C:\Users\Lucas\f1m1\pvaardig\Les03> git commit -m "eerste test"
[master (root-commit) 9361cd3] eerste test
 1 file changed, 1 insertion(+)
 create mode 100644 test.txt
PS C:\Users\Lucas\f1m1\pvaardig\Les03> git status
On branch master
nothing to commit, working tree clean
PS C:\Users\Lucas\f1m1\pvaardig\Les03> git log
commit 9361cd35e93763e7597864d773bdfe83397d381c (HEAD -> master)
Author: Lucas van Diepen <lucascool@ziggo.nl>
Date:   Tue Sep 15 14:20:14 2020 +0200

    eerste test
PS C:\Users\Lucas\f1m1\pvaardig\Les03> notepad test.txt                                                                 PS C:\Users\Lucas\f1m1\pvaardig\Les03> git status
On branch master
Changes not staged for commit:
  (use "git add <file>..." to update what will be committed)
  (use "git restore <file>..." to discard changes in working directory)
        modified:   test.txt

no changes added to commit (use "git add" and/or "git commit -a")
PS C:\Users\Lucas\f1m1\pvaardig\Les03> git add test.txt
PS C:\Users\Lucas\f1m1\pvaardig\Les03> git status
On branch master
Changes to be committed:
  (use "git restore --staged <file>..." to unstage)
        modified:   test.txt

PS C:\Users\Lucas\f1m1\pvaardig\Les03> git commit -m "tweede test"
[master 90e1770] tweede test
 1 file changed, 2 insertions(+), 1 deletion(-)
PS C:\Users\Lucas\f1m1\pvaardig\Les03> git status
On branch master
nothing to commit, working tree clean
PS C:\Users\Lucas\f1m1\pvaardig\Les03> git log
commit 90e1770e64b3ce93ac288121386bfc6db0d57651 (HEAD -> master)
Author: Lucas van Diepen <lucascool@ziggo.nl>
Date:   Tue Sep 15 14:22:37 2020 +0200

    tweede test

commit 9361cd35e93763e7597864d773bdfe83397d381c
Author: Lucas van Diepen <lucascool@ziggo.nl>
Date:   Tue Sep 15 14:20:14 2020 +0200

    eerste test
PS C:\Users\Lucas\f1m1\pvaardig\Les03> git log --oneline                                                                90e1770 (HEAD -> master) tweede test
9361cd3 eerste test
PS C:\Users\Lucas\f1m1\pvaardig\Les03> gitk                                                                             PS C:\Users\Lucas\f1m1\pvaardig\Les03> git branch newBranch
PS C:\Users\Lucas\f1m1\pvaardig\Les03> git status
On branch master
nothing to commit, working tree clean
PS C:\Users\Lucas\f1m1\pvaardig\Les03> git checkout newBranch
Switched to branch 'newBranch'
PS C:\Users\Lucas\f1m1\pvaardig\Les03> git log --oneline
90e1770 (HEAD -> newBranch, master) tweede test
9361cd3 eerste test
PS C:\Users\Lucas\f1m1\pvaardig\Les03> notepad test.txt                                                                 PS C:\Users\Lucas\f1m1\pvaardig\Les03> git status
On branch newBranch
Changes not staged for commit:
  (use "git add <file>..." to update what will be committed)
  (use "git restore <file>..." to discard changes in working directory)
        modified:   test.txt

no changes added to commit (use "git add" and/or "git commit -a")
PS C:\Users\Lucas\f1m1\pvaardig\Les03> git add .
PS C:\Users\Lucas\f1m1\pvaardig\Les03> git commit -m "derde test"
[newBranch 89d1850] derde test
 1 file changed, 2 insertions(+), 1 deletion(-)
PS C:\Users\Lucas\f1m1\pvaardig\Les03> git status
On branch newBranch
nothing to commit, working tree clean
PS C:\Users\Lucas\f1m1\pvaardig\Les03> git log --oneline
89d1850 (HEAD -> newBranch) derde test
90e1770 (master) tweede test
9361cd3 eerste test
PS C:\Users\Lucas\f1m1\pvaardig\Les03> git checkout master                                                              Switched to branch 'master'
PS C:\Users\Lucas\f1m1\pvaardig\Les03> git log --oneline
90e1770 (HEAD -> master) tweede test
9361cd3 eerste test
PS C:\Users\Lucas\f1m1\pvaardig\Les03> notepad test.txt                                                                 PS C:\Users\Lucas\f1m1\pvaardig\Les03> git add test.txt
PS C:\Users\Lucas\f1m1\pvaardig\Les03> git commit -m "vierde test"
[master ded927b] vierde test
 1 file changed, 2 insertions(+), 1 deletion(-)
PS C:\Users\Lucas\f1m1\pvaardig\Les03> git log
commit ded927b050005ca837ad2c06347c2444c5e3e5d8 (HEAD -> master)
Author: Lucas van Diepen <lucascool@ziggo.nl>
Date:   Tue Sep 15 14:30:23 2020 +0200

    vierde test

commit 90e1770e64b3ce93ac288121386bfc6db0d57651
Author: Lucas van Diepen <lucascool@ziggo.nl>
Date:   Tue Sep 15 14:22:37 2020 +0200

    tweede test

commit 9361cd35e93763e7597864d773bdfe83397d381c
Author: Lucas van Diepen <lucascool@ziggo.nl>
Date:   Tue Sep 15 14:20:14 2020 +0200

    eerste test
PS C:\Users\Lucas\f1m1\pvaardig\Les03>